C51 COMPILER V9.00   KEY                                                                   08/24/2019 23:32:49 PAGE 1   


C51 COMPILER V9.00, COMPILATION OF MODULE KEY
OBJECT MODULE PLACED IN .\output\key.obj
COMPILER INVOKED BY: E:\KEIL4\C51\BIN\C51.EXE ..\user_lib\key\key.c BROWSE INCDIR(..\user_lib\delay;..\user_lib\key;..\u
                    -ser_lib\led;..\main) DEBUG OBJECTEXTEND PRINT(.\key.lst) OBJECT(.\output\key.obj)

line level    source

   1          #include "key.h"
   2          #include "sys.h"
   3          
   4          void key_init()
   5          {
   6   1              GPIO_ResetBits(P33);                                                    
   7   1      }
   8          
   9          void key_enable(char enable)
  10          {
  11   1              if(enable == TRUE)
  12   1              {
  13   2                      key_init();
  14   2              }
  15   1      }


MODULE INFORMATION:   STATIC OVERLAYABLE
   CODE SIZE        =     10    ----
   CONSTANT SIZE    =   ----    ----
   XDATA SIZE       =   ----    ----
   PDATA SIZE       =   ----    ----
   DATA SIZE        =   ----    ----
   IDATA SIZE       =   ----    ----
   BIT SIZE         =   ----    ----
END OF MODULE INFORMATION.


C51 COMPILATION COMPLETE.  0 WARNING(S),  0 ERROR(S)
