C51 COMPILER V9.00   MAIN                                                                  09/23/2019 15:47:04 PAGE 1   


C51 COMPILER V9.00, COMPILATION OF MODULE MAIN
OBJECT MODULE PLACED IN .\output\main.obj
COMPILER INVOKED BY: E:\KEIL4\C51\BIN\C51.EXE ..\main\main.c BROWSE INCDIR(..\user_lib\delay;..\user_lib\usart;..\user_l
                    -ib\dht11;..\user_lib\single;..\main) DEBUG OBJECTEXTEND PRINT(.\main.lst) OBJECT(.\output\main.obj)

line level    source

   1          #include <reg52.h>
   2          #include <stdio.h>
   3          #include "sys.h"
   4          #include "delay.h"
   5          #include "dht11.h"
   6          #include "usart.h"
   7          
   8          unsigned char i=0;
   9          
  10          void main()
  11          {
  12   1              Usart_Enable(TRUE);
  13   1              dht11_enable(TRUE);
  14   1              for(;;)
  15   1              {
  16   2                      if(dht11_read_data() == TRUE)
  17   2                      {
  18   3                              printf("湿度为%d.%d ％RH ，温度为 %d.%d℃ \n", (int)dht11_humi_int(), (int)dht11_humi_deci(), (int)dht1
             -1_temp_int(), (int)dht11_temp_deci());
  19   3                      }
  20   2                      else
  21   2                      {
  22   3                              printf("read error\n");
  23   3                      }
  24   2                      delay_ms(5000);
  25   2              }
  26   1      }


MODULE INFORMATION:   STATIC OVERLAYABLE
   CODE SIZE        =     91    ----
   CONSTANT SIZE    =     48    ----
   XDATA SIZE       =   ----    ----
   PDATA SIZE       =   ----    ----
   DATA SIZE        =      1    ----
   IDATA SIZE       =   ----    ----
   BIT SIZE         =   ----    ----
END OF MODULE INFORMATION.


C51 COMPILATION COMPLETE.  0 WARNING(S),  0 ERROR(S)
